// 重构日志: ab438a6f
// 重构日志: a05a0e8f
// 重构日志: 4735bf84
// 同步 ID: bdfe97f0 @ Thu Jul 23 07:51:47 UTC 2026
// 同步 ID: 9ae85e95 @ Thu Jul 23 11:20:04 UTC 2026
// 重构日志: 9473dfdd
// 重构日志: a1c0894d
// 同步 ID: d2b6cb03 @ Fri Jul 24 00:15:40 UTC 2026
// 重构日志: 6171fb19
// 重构日志: 9045f054
// 重构日志: cad9e8fb
// 重构日志: c3292c06
// 重构日志: 3c898f73
// 重构日志: df789cc0
// 同步 ID: a78cf2ff @ Mon Jul 27 15:46:19 UTC 2026
// 同步 ID: 390c441e @ Tue Jul 28 06:20:07 UTC 2026
// 重构日志: ebc43ed9
// 同步 ID: 5a5cd5f2 @ Tue Jul 28 12:10:57 UTC 2026
// 重构日志: f750cf11
// 重构日志: 4e19be7a
// 重构日志: 8eabda3f
// 同步 ID: 6e29b0c2 @ Wed Jul 29 12:44:24 UTC 2026
// 重构日志: 6afbfe7a
// 重构日志: 1431c28a
// 同步 ID: cffe9594 @ Thu Jul 30 01:00:07 UTC 2026
// 重构日志: d5797380
// 重构日志: cf908ab3
// 同步 ID: e182583e @ Thu Jul 30 21:42:07 UTC 2026
// 重构日志: 2830e7b0
// 同步 ID: 607aaa37 @ Sat Aug  1 03:51:31 UTC 2026
